// Jest Snapshot v1, https://goo.gl/fbAQLP

exports[`<TextField /> should render with error 1`] = `
.c7 {
  display: inline-block;
  vertical-align: middle;
  overflow: hidden;
}

.c0 .c3 {
  border-color: #E72176;
}

.c0 .c5,
.c0 .c1 {
  color: #E72176;
}

.c4 {
  display: -webkit-box;
  display: -webkit-flex;
  display: -ms-flexbox;
  display: flex;
  background: #EAEAEA;
  border-radius: 0.2rem;
  padding: 0 0.8rem;
  border: 0.2rem solid;
  border-color: #EAEAEA;
}

.c4:focus-within {
  box-shadow: 0 0 0.5rem #FFCB00;
}

.c8 {
  color: #000000;
  font-family: Poppins,-apple-system,BlinkMacSystemFont,'Segoe UI',Roboto,Oxygen,Ubuntu,Cantarell,'Open Sans','Helvetica Neue',sans-serif;
  font-size: 1.6rem;
  padding: 0.8rem 0;
  padding-left: 0.8rem;
  background: transparent;
  border: none;
  outline: none;
  width: 100%;
}

.c2 {
  font-size: 1.4rem;
  color: #000000;
  cursor: pointer;
}

.c6 {
  display: -webkit-box;
  display: -webkit-flex;
  display: -ms-flexbox;
  display: flex;
  width: 2.2rem;
  color: #808080;
  -webkit-order: 0;
  -ms-flex-order: 0;
  order: 0;
}

.c6 > svg {
  width: 100%;
}

.c9 {
  color: #E72176;
  font-size: 1.2rem;
}

<div
  class="c0"
>
  <label
    class="c1 c2"
    for="textField"
  >
    textField
  </label>
  <div
    class="c3 c4"
  >
    <div
      class="c5 c6"
    >
      <svg
        aria-hidden="true"
        class="c7"
        data-testid="icon"
        fill="none"
        focusable="false"
        stroke="currentColor"
        stroke-linecap="round"
        stroke-linejoin="round"
        viewBox="0 0 24 24"
        xmlns="http://www.w3.org/2000/svg"
      >
        <path
          d="M4 4h16c1.1 0 2 .9 2 2v12c0 1.1-.9 2-2 2H4c-1.1 0-2-.9-2-2V6c0-1.1.9-2 2-2z"
        />
        <polyline
          points="22,6 12,13 2,6"
        />
      </svg>
    </div>
    <input
      class="c8"
      id="textField"
      name="textField"
      type="text"
      value=""
    />
  </div>
  <p
    class="c9"
  >
    error message
  </p>
</div>
`;
